/home/user/intronIC/intronIC/intronIC.py:47: DeprecationWarning: pkg_resources is deprecated as an API. See https://setuptools.pypa.io/en/latest/pkg_resources.html
  import pkg_resources
[#] Starting intronIC [] run on [original_small_profiled (OriSma)]
[#] No default PWM file found; this will cause problems unless a custom PWM file is supplied with all desired PWMs
Traceback (most recent call last):
  File "<frozen runpy>", line 198, in _run_module_as_main
  File "<frozen runpy>", line 88, in _run_code
  File "/usr/lib/python3.11/cProfile.py", line 191, in <module>
    main()
  File "/usr/lib/python3.11/cProfile.py", line 180, in main
    runctx(code, globs, None, options.outfile, options.sort)
  File "/usr/lib/python3.11/cProfile.py", line 20, in runctx
    return _pyprofile._Utils(Profile).runctx(statement, globals, locals,
           ^^^^^^^^^^^^^^^^^^^^^^^^^^^^^^^^^^^^^^^^^^^^^^^^^^^^^^^^^^^^^
  File "/usr/lib/python3.11/profile.py", line 63, in runctx
    prof.runctx(statement, globals, locals)
  File "/usr/lib/python3.11/cProfile.py", line 101, in runctx
    exec(cmd, globals, locals)
  File "<string>", line 1, in <module>
  File "<frozen runpy>", line 229, in run_module
  File "<frozen runpy>", line 88, in _run_code
  File "/home/user/intronIC/intronIC/intronIC.py", line 6090, in <module>
    main()
  File "/home/user/intronIC/intronIC/intronIC.py", line 5085, in main
    ARGS = add_pwm_args(ARGS)
           ^^^^^^^^^^^^^^^^^^
  File "/home/user/intronIC/intronIC/intronIC.py", line 4563, in add_pwm_args
    five_matrix_length = matrix_length(MATRICES[('u12', 'gtag', 'five')])
                                       ~~~~~~~~^^^^^^^^^^^^^^^^^^^^^^^^^
KeyError: ('u12', 'gtag', 'five')
