/home/user/intronIC/intronIC/intronIC.py:47: DeprecationWarning: pkg_resources is deprecated as an API. See https://setuptools.pypa.io/en/latest/pkg_resources.html
  import pkg_resources
[#] Starting intronIC [] run on [original_full_ref (OriFul)]
[#] Custom matrices used: [u12-atac-bp-A10,u12-atac-bp-A9,u12-atac-five,u12-atac-three,u12-gtag-bp-A10,u12-gtag-bp-A9,u12-gtag-five,u12-gtag-three,u2-gcag-five,u2-gcag-three,u2-gtag-five,u2-gtag-three]
[#] Run command: [/home/user/intronIC/intronIC/intronIC.py -g /home/user/intronIC/intronIC/test_data/Homo_sapiens.Chr19.Ensembl_91.fa.gz -a /home/user/intronIC/intronIC/test_data/Homo_sapiens.Chr19.Ensembl_91.gff3.gz -n original_full_ref --pwms /home/user/intronIC/intronIC/data/scoring_matrices.fasta.iic -p 4]
[#] Using [cds,exon] features to define introns
[#] [58933] introns found in [intronIC/test_data/Homo_sapiens.Chr19.Ensembl_91.gff3.gz]
Traceback (most recent call last):
  File "<frozen runpy>", line 198, in _run_module_as_main
  File "<frozen runpy>", line 88, in _run_code
  File "/home/user/intronIC/intronIC/intronIC.py", line 6090, in <module>
    main()
  File "/home/user/intronIC/intronIC/intronIC.py", line 5124, in main
    final_introns = filter_introns_write_files(
                    ^^^^^^^^^^^^^^^^^^^^^^^^^^^
  File "/home/user/intronIC/intronIC/intronIC.py", line 4737, in filter_introns_write_files
    for intron in get_sub_seqs(
  File "/home/user/intronIC/intronIC/intronIC.py", line 2685, in get_sub_seqs
    intron = assign_seqs(
             ^^^^^^^^^^^^
  File "/home/user/intronIC/intronIC/intronIC.py", line 2565, in assign_seqs
    upf, intron.seq, downf = intron.get_seq(region_seq, flank=int_flank_size)
                             ^^^^^^^^^^^^^^^^^^^^^^^^^^^^^^^^^^^^^^^^^^^^^^^^
  File "/home/user/intronIC/intronIC/intronIC.py", line 303, in get_seq
    seq = rev_comp(seq, use_lower=False)
          ^^^^^^^^^^^^^^^^^^^^^^^^^^^^^^
TypeError: rev_comp() got an unexpected keyword argument 'use_lower'
