╔══════════════════════════════════════════════════════════════════════════════╗
║                                                                              ║
║  intronIC v2.0 - Intron Classification Pipeline                              ║
║  Species: small_profiled                                                     ║
║  Input: annotation                                                           ║
║                                                                              ║
╚══════════════════════════════════════════════════════════════════════════════╝
🔄 Pipeline Steps
├── 1. Load input data
├── 2. Extract introns
├── 3. Score introns with PWMs
├── 4. Normalize scores
├── 5. Train and apply classifier
└── 6. Write output files

─────────────────────────── Step 1: Load Input Data ────────────────────────────
🔄 Pipeline Steps
├── ▶ Load input data
├── ○ Extract introns
├── ○ Score introns with PWMs
├── ○ Normalize scores
├── ○ Train and apply classifier
└── ○ Write output files
INFO: Loading genome: intronIC/test_data/Homo_sapiens.Chr19.Ensembl_91.fa.gz
INFO: Loaded 1 sequences into memory
ℹ Parsing annotation: intronIC/test_data/Homo_sapiens.Chr19.Ensembl_91.gff3.gz
INFO: Parsing annotation: intronIC/test_data/Homo_sapiens.Chr19.Ensembl_91.gff3.gz
INFO: Built hierarchy with 2953 genes
ℹ Generating introns from exon pairs
INFO: Generated 58933 introns
ℹ Extracting intron sequences from genome
INFO: Extracted sequences for 58933 introns
ℹ Checking non-canonical introns for U12 boundary corrections
INFO: Applied U12 boundary corrections to 12 non-canonical introns
INFO: Minimum intron length: 30bp (user: 30bp, scoring regions: 26bp)
INFO: Extracted 58,933 introns (length filtering during scoring filter phase)
✓ Loaded 58,933 introns

─────────────────────────── Step 2: Extract Introns ────────────────────────────
🔄 Pipeline Steps
├── ✓ Load input data
├── ▶ Extract introns
├── ○ Score introns with PWMs
├── ○ Normalize scores
├── ○ Train and apply classifier
└── ○ Write output files
✓ Extracted 58,933 introns
ℹ Filtering introns before scoring
INFO: Applying pre-scoring filters (duplicates, omissions, longest isoform)
INFO: Filtering results: 12,074/58,933 introns kept for scoring
INFO: Omitted: 70 short, 0 ambiguous, 0 non-canonical, 46290 non-longest isoform, 0 overlapping
INFO: Duplicates marked: 38681
✓ Filtered to 12,074 introns for scoring (removed 46,859)

──────────────────────────── Step 3: Score Introns ─────────────────────────────
🔄 Pipeline Steps
├── ✓ Load input data
├── ✓ Extract introns
├── ▶ Score introns with PWMs
├── ○ Normalize scores
├── ○ Train and apply classifier
└── ○ Write output files
ℹ Loading PWM matrices
INFO: Loading PWM matrices
INFO: Loaded PWM matrices for 3 regions
INFO: Loaded conserved U2 BP matrix
ℹ Calculating PWM scores
INFO: Starting PWM scoring
  Scoring introns... ━━━━━━━━━━━━━━━━━━━━━━━━━━━━━━━━━━━━━━ 100% 0:00:04 0:00:00
INFO: Scored 12074 introns successfully
✓ Scored 12,074 introns

─────────────────────────── Step 4: Normalize Scores ───────────────────────────
🔄 Pipeline Steps
├── ✓ Load input data
├── ✓ Extract introns
├── ✓ Score introns with PWMs
├── ▶ Normalize scores
├── ○ Train and apply classifier
└── ○ Write output files
ℹ Loading reference sequences
INFO: Loading reference sequences for normalization
INFO: Loaded 97 reference sequences from u12_reference_small.introns.iic.gz
INFO: Loaded 990 reference sequences from u2_reference_small.introns.iic.gz
INFO: Loaded 97 U12 and 990 U2 reference introns
ℹ Scoring reference sequences
INFO: Scoring reference sequences with PWMs
INFO: Loaded conserved U2 BP matrix for reference scoring
ℹ Normalizing scores with z-score transformation
INFO: Fitting normalizer on reference data
INFO: Normalized 12074 experimental introns
INFO: Normalized 97 U12 and 990 U2 reference introns
✓ Scores normalized

─────────────────────────── Step 5: Classify Introns ───────────────────────────
🔄 Pipeline Steps
├── ✓ Load input data
├── ✓ Extract introns
├── ✓ Score introns with PWMs
├── ✓ Normalize scores
├── ▶ Train and apply classifier
└── ○ Write output files
ℹ Training SVM classifier
INFO: Starting SVM classification
INFO: Running classification on 12074 experimental introns
INFO: Reference data: 97 U12, 990 U2
Classification pipeline starting...
  Reference: 97 U12, 990 U2
  Experimental: 12074 introns

=== Stage 1: Hyperparameter Optimization ===
Optimization round 1/5...
