2025-11-07 07:16:07,362 - intronIC - INFO - Loading genome: intronIC/test_data/Homo_sapiens.Chr19.Ensembl_91.fa.gz
2025-11-07 07:16:08,266 - intronIC - INFO - Loaded 1 sequences into memory
2025-11-07 07:16:08,267 - intronIC - INFO - Parsing annotation: intronIC/test_data/Homo_sapiens.Chr19.Ensembl_91.gff3.gz
2025-11-07 07:16:16,609 - intronIC - INFO - Built hierarchy with 2953 genes
2025-11-07 07:16:17,681 - intronIC - INFO - Generated 58933 introns
2025-11-07 07:16:23,706 - intronIC - INFO - Extracted sequences for 58933 introns
2025-11-07 07:16:24,607 - intronIC - INFO - Applied U12 boundary corrections to 12 non-canonical introns
2025-11-07 07:16:24,609 - intronIC - INFO - Minimum intron length: 30bp (user: 30bp, scoring regions: 26bp)
2025-11-07 07:16:24,609 - intronIC - INFO - Extracted 58,933 introns (length filtering during scoring filter phase)
2025-11-07 07:16:24,667 - intronIC - INFO - Applying pre-scoring filters (duplicates, omissions, longest isoform)
2025-11-07 07:16:25,193 - intronIC - INFO - Filtering results: 12,074/58,933 introns kept for scoring
2025-11-07 07:16:25,193 - intronIC - INFO - Omitted: 70 short, 0 ambiguous, 0 non-canonical, 46290 non-longest isoform, 0 overlapping
2025-11-07 07:16:25,193 - intronIC - INFO - Duplicates marked: 38681
2025-11-07 07:16:25,196 - intronIC - INFO - Loading PWM matrices
2025-11-07 07:16:25,197 - intronIC - INFO - Loaded PWM matrices for 3 regions
2025-11-07 07:16:25,198 - intronIC - INFO - Loaded conserved U2 BP matrix
2025-11-07 07:16:25,199 - intronIC - INFO - Starting PWM scoring
2025-11-07 07:16:27,370 - intronIC - INFO - Scored 12074 introns successfully
2025-11-07 07:16:27,373 - intronIC - INFO - Loading reference sequences for normalization
2025-11-07 07:16:27,376 - intronIC - INFO - Loaded 97 reference sequences from u12_reference_small.introns.iic.gz
2025-11-07 07:16:27,394 - intronIC - INFO - Loaded 990 reference sequences from u2_reference_small.introns.iic.gz
2025-11-07 07:16:27,394 - intronIC - INFO - Loaded 97 U12 and 990 U2 reference introns
2025-11-07 07:16:27,395 - intronIC - INFO - Scoring reference sequences with PWMs
2025-11-07 07:16:27,397 - intronIC - INFO - Loaded conserved U2 BP matrix for reference scoring
2025-11-07 07:16:27,578 - intronIC - INFO - Fitting normalizer on reference data
2025-11-07 07:16:27,866 - intronIC - INFO - Normalized 12074 experimental introns
2025-11-07 07:16:27,867 - intronIC - INFO - Normalized 97 U12 and 990 U2 reference introns
2025-11-07 07:16:27,869 - intronIC - INFO - Starting SVM classification
2025-11-07 07:16:27,870 - intronIC - INFO - Running classification on 12074 experimental introns
2025-11-07 07:16:27,870 - intronIC - INFO - Reference data: 97 U12, 990 U2
files
✓ Extracted 58,933 introns
ℹ Filtering introns before scoring
INFO: Applying pre-scoring filters (duplicates, omissions, longest isoform)
INFO: Filtering results: 12,074/58,933 introns kept for scoring
INFO: Omitted: 70 short, 0 ambiguous, 0 non-canonical, 46290 non-longest isoform, 0 overlapping
INFO: Duplicates marked: 38681
✓ Filtered to 12,074 introns for scoring (removed 46,859)

──────────────────────────── Step 3: Score Introns ─────────────────────────────
🔄 Pipeline Steps
├── ✓ Load input data
├── ✓ Extract introns
├── ▶ Score introns with PWMs
├── ○ Normalize scores
├── ○ Train and apply classifier
└── ○ Write output files
ℹ Loading PWM matrices
INFO: Loading PWM matrices
INFO: Loaded PWM matrices for 3 regions
INFO: Loaded conserved U2 BP matrix
ℹ Calculating PWM scores
INFO: Starting PWM scoring
  Scoring introns... ━━━━━━━━━━━━━━━━━━━━━━━━━━━━━━━━━━━━━━ 100% 0:00:02 0:00:00
INFO: Scored 12074 introns successfully
✓ Scored 12,074 introns

─────────────────────────── Step 4: Normalize Scores ───────────────────────────
🔄 Pipeline Steps
├── ✓ Load input data
├── ✓ Extract introns
├── ✓ Score introns with PWMs
├── ▶ Normalize scores
├── ○ Train and apply classifier
└── ○ Write output files
ℹ Loading reference sequences
INFO: Loading reference sequences for normalization
INFO: Loaded 97 reference sequences from u12_reference_small.introns.iic.gz
INFO: Loaded 990 reference sequences from u2_reference_small.introns.iic.gz
INFO: Loaded 97 U12 and 990 U2 reference introns
ℹ Scoring reference sequences
INFO: Scoring reference sequences with PWMs
INFO: Loaded conserved U2 BP matrix for reference scoring
ℹ Normalizing scores with z-score transformation
INFO: Fitting normalizer on reference data
INFO: Normalized 12074 experimental introns
INFO: Normalized 97 U12 and 990 U2 reference introns
✓ Scores normalized

─────────────────────────── Step 5: Classify Introns ───────────────────────────
🔄 Pipeline Steps
├── ✓ Load input data
├── ✓ Extract introns
├── ✓ Score introns with PWMs
├── ✓ Normalize scores
├── ▶ Train and apply classifier
└── ○ Write output files
ℹ Training SVM classifier
INFO: Starting SVM classification
INFO: Running classification on 12074 experimental introns
INFO: Reference data: 97 U12, 990 U2
Classification pipeline starting...
  Reference: 97 U12, 990 U2
  Experimental: 12074 introns

=== Stage 1: Hyperparameter Optimization ===
Optimization round 1/5...
Fitting 5 folds for each of 13 candidates, totalling 65 fits
[CV] END ............................................C=1e-06; total time=   0.0s
[CV] END ............................................C=1e-06; total time=   0.0s
[CV] END ............................................C=1e-06; total time=   0.0s
[CV] END ............................................C=1e-06; total time=   0.0s
[CV] END ............................................C=1e-06; total time=   0.0s
[CV] END ............................C=9.999999999999999e-06; total time=   0.0s
[CV] END ............................C=9.999999999999999e-06; total time=   0.0s
[CV] END ............................C=9.999999999999999e-06; total time=   0.0s
[CV] END ............................C=9.999999999999999e-06; total time=   0.0s
[CV] END ............................C=9.999999999999999e-06; total time=   0.0s
[CV] END ............................C=9.999999999999999e-05; total time=   0.0s
[CV] END ............................C=9.999999999999999e-05; total time=   0.0s
[CV] END ............................C=9.999999999999999e-05; total time=   0.0s
[CV] END ............................C=9.999999999999999e-05; total time=   0.0s
[CV] END ............................C=9.999999999999999e-05; total time=   0.0s
[CV] END ............................................C=0.001; total time=   0.0s
[CV] END ............................................C=0.001; total time=   0.0s
[CV] END ............................................C=0.001; total time=   0.0s
[CV] END ............................................C=0.001; total time=   0.0s
[CV] END ............................................C=0.001; total time=   0.0s
[CV] END .............................................C=0.01; total time=   0.0s
[CV] END .............................................C=0.01; total time=   0.0s
[CV] END .............................................C=0.01; total time=   0.0s[CV] END .............................................C=0.01; total time=   0.0s

[CV] END .............................................C=0.01; total time=   0.0s
[CV] END ..............................C=0.09999999999999999; total time=   0.0s
[CV] END ..............................C=0.09999999999999999; total time=   0.0s
[CV] END ..............................C=0.09999999999999999; total time=   0.0s
[CV] END ..............................C=0.09999999999999999; total time=   0.0s
[CV] END ..............................................C=1.0; total time=   0.0s
[CV] END ..............................................C=1.0; total time=   0.0s
[CV] END ..............................................C=1.0; total time=   0.0s
[CV] END ..............................C=0.09999999999999999; total time=   0.0s
[CV] END ..............................................C=1.0; total time=   0.0s
[CV] END ..............................................C=1.0; total time=   0.0s
[CV] END .............................................C=10.0; total time=   0.0s
[CV] END .............................................C=10.0; total time=   0.0s
[CV] END .............................................C=10.0; total time=   0.0s
[CV] END .............................................C=10.0; total time=   0.0s
[CV] END .............................................C=10.0; total time=   0.0s
[CV] END ............................................C=100.0; total time=   0.0s
[CV] END ............................................C=100.0; total time=   0.0s
[CV] END ............................................C=100.0; total time=   0.0s
[CV] END ............................................C=100.0; total time=   0.0s
[CV] END ............................................C=100.0; total time=   0.0s
[CV] END ...........................................C=1000.0; total time=   0.2s
[CV] END ...........................................C=1000.0; total time=   0.3s
[CV] END ...........................................C=1000.0; total time=   0.3s
[CV] END ...........................................C=1000.0; total time=   0.4s
[CV] END ...........................................C=1000.0; total time=   0.3s
[CV] END ..........................................C=10000.0; total time=   2.4s
[CV] END ..........................................C=10000.0; total time=   3.4s
[CV] END ..........................................C=10000.0; total time=   1.7s
[CV] END ..........................................C=10000.0; total time=   2.1s
[CV] END ..........................................C=10000.0; total time=   3.0s
[CV] END .........................................C=100000.0; total time=  18.3s
[CV] END .........................................C=100000.0; total time=  29.7s
[CV] END .........................................C=100000.0; total time=  19.4s
[CV] END .........................................C=100000.0; total time=  19.1s
[CV] END .........................................C=100000.0; total time=  34.1s
[CV] END ........................................C=1000000.0; total time= 1.7min
[CV] END ........................................C=1000000.0; total time= 1.9min
[CV] END ........................................C=1000000.0; total time= 3.7min
[CV] END ........................................C=1000000.0; total time= 3.1min
